[www.wikirafa.com/index.html]
[backblue.gif]
[fade.gif]
[index.html]
[ssl.gstatic.com/atari/images/simple-header-blended-small.png]
[apis.google.com/js/clientc932.js]
[www.wikirafa.com/proyecto-wikirafa.html]
[www.wikirafa.com/estudiantes.html]
[www.wikirafa.com/biografía.html]
[www.wikirafa.com/filosofía.html]
[www.wikirafa.com/club-de-fans.html]
[www.wikirafa.com/tienda-online.html]
[www.wikirafa.com/marcopedia.html]
[www.wikirafa.com/otros-proyectos.html]
[www.wikirafa.com/filosofía/la-verdad.html]
[www.wikirafa.com/proyecto-wikirafa/desarrolladores-y-colaboradores.html]
[www.wikirafa.com/proyecto-wikirafa/parches.html]
[ssl.gstatic.com/atari/images/sociallinks/instagram_white_28dp.png]
[ssl.gstatic.com/atari/images/sociallinks/youtube_white_28dp.png]
[ssl.gstatic.com/atari/images/sociallinks/facebook_white_28dp.png]
[ssl.gstatic.com/atari/images/sociallinks/github_white_28dp.png]
[www.wikirafa.com/index.html]
[www.wikirafa.com/proyecto-wikirafa.html]
[www.wikirafa.com/estudiantes.html]
[www.wikirafa.com/biografía.html]
[www.wikirafa.com/filosofía.html]
[www.wikirafa.com/club-de-fans.html]
[www.wikirafa.com/proyecto-wikirafa/licencia.html]
[www.wikirafa.com/tienda-online/camisetas-wikirafa.html]
[www.wikirafa.com/tienda-online/agotado.html]
[www.wikirafa.com/tienda-online.html]
[www.wikirafa.com/marcopedia.html]
[www.wikirafa.com/otros-proyectos.html]
[www.wikirafa.com/filosofía/la-verdad.html]
[www.wikirafa.com/proyecto-wikirafa/desarrolladores-y-colaboradores.html]
[www.wikirafa.com/proyecto-wikirafa/parches.html]
[www.wikirafa.com/proyecto-wikirafa/licencia.html]
[www.wikirafa.com/tienda-online/camisetas-wikirafa.html]
[www.wikirafa.com/tienda-online/agotado.html]
[www.wikirafa.com/tienda-online/iphon-of-agotado.html]
[www.wikirafa.com/tienda-online/iphon-of-agotado.html]
